\BOOKMARK [0][-]{chapter.1}{\376\377\000I\000n\000t\000r\000o\000d\000u\000c\000t\000i\000o\000n\000\040\000t\000o\000\040\000H\000a\000r\000t\000r\000e\000e\000-\000F\000o\000c\000k\000\040\000m\000e\000t\000h\000o\000d\000s}{}% 1
\BOOKMARK [1][-]{section.1.1}{\376\377\000V\000a\000r\000i\000a\000t\000i\000o\000n\000a\000l\000\040\000p\000r\000i\000n\000c\000i\000p\000l\000e\000\040\000a\000n\000d\000\040\000g\000a\000u\000s\000s\000i\000a\000n\000\040\000s\000t\000a\000t\000e\000s}{chapter.1}% 2
\BOOKMARK [1][-]{section.1.2}{\376\377\000T\000h\000e\000\040\000H\000F\000\040\000v\000a\000r\000i\000a\000t\000i\000o\000n\000a\000l\000\040\000m\000e\000t\000h\000o\000d}{chapter.1}% 3
\BOOKMARK [2][-]{subsection.1.2.1}{\376\377\000P\000r\000o\000p\000e\000r\000t\000i\000e\000s\000\040\000o\000f\000\040\000t\000h\000e\000\040\000t\000a\000r\000g\000e\000t\000\040\000q\000u\000a\000d\000r\000a\000t\000i\000c\000\040\000h\000a\000m\000i\000l\000t\000o\000n\000i\000a\000n}{section.1.2}% 4
\BOOKMARK [2][-]{subsection.1.2.2}{\376\377\000S\000e\000l\000f\000-\000c\000o\000n\000s\000i\000s\000t\000e\000n\000t\000\040\000v\000a\000r\000i\000a\000t\000i\000o\000n\000a\000l\000\040\000s\000o\000l\000u\000t\000i\000o\000n}{section.1.2}% 5
\BOOKMARK [2][-]{subsection.1.2.3}{\376\377\000O\000p\000e\000r\000a\000t\000i\000v\000e\000\040\000h\000a\000m\000i\000l\000t\000o\000n\000i\000a\000n\000\040\000a\000p\000p\000r\000o\000x\000i\000m\000a\000t\000i\000o\000n}{section.1.2}% 6
\BOOKMARK [1][-]{section.1.3}{\376\377\000T\000h\000e\000\040\000i\000H\000F\000\040\000a\000l\000g\000o\000r\000i\000t\000h\000m}{chapter.1}% 7
\BOOKMARK [2][-]{subsection.1.3.1}{\376\377\000F\000i\000x\000e\000d\000\040\000d\000e\000n\000s\000i\000t\000y\000\040\000s\000i\000m\000u\000l\000a\000t\000i\000o\000n\000s\000\040\000a\000n\000d\000\040\000t\000h\000e\000\040\000r\000o\000l\000e\000\040\000o\000f\000\040}{section.1.3}% 8
\BOOKMARK [2][-]{subsection.1.3.2}{\376\377\000T\000h\000e\000\040\000c\000o\000n\000v\000e\000r\000g\000e\000n\000c\000e\000\040\000s\000c\000h\000e\000m\000e}{section.1.3}% 9
\BOOKMARK [0][-]{chapter.2}{\376\377\000P\000h\000a\000s\000e\000\040\000t\000r\000a\000n\000s\000i\000t\000i\000o\000n\000s\000\040\000a\000n\000d\000\040\000S\000S\000B\000\040\000i\000n\000\040\000E\000H\000M}{}% 10
\BOOKMARK [1][-]{section.2.1}{\376\377\000T\000h\000e\000\040\000E\000H\000M\000\040\000s\000y\000m\000m\000e\000t\000r\000i\000e\000s}{chapter.2}% 11
\BOOKMARK [2][-]{subsection.2.1.1}{\376\377\000L\000a\000t\000t\000i\000c\000e\000\040\000s\000y\000m\000m\000e\000t\000r\000i\000e\000s}{section.2.1}% 12
\BOOKMARK [2][-]{subsection.2.1.2}{\376\377\000S\000p\000i\000n\000\040\000a\000n\000d\000\040\000c\000h\000a\000r\000g\000e\000\040\000s\000y\000m\000m\000e\000t\000r\000i\000e\000s}{section.2.1}% 13
\BOOKMARK [2][-]{subsection.2.1.3}{\376\377\000P\000a\000r\000t\000i\000c\000l\000e\000-\000h\000o\000l\000e\000\040\000s\000y\000m\000m\000e\000t\000r\000y\000\040\000a\000t\000\040\000h\000a\000l\000f\000-\000f\000i\000l\000l\000i\000n\000g}{section.2.1}% 14
\BOOKMARK [1][-]{section.2.2}{\376\377\000T\000h\000e\000\040\000H\000F\000\040\000m\000e\000t\000h\000o\000d\000\040\000a\000n\000d\000\040\000s\000y\000m\000m\000e\000t\000r\000y\000\040\000b\000r\000e\000a\000k\000i\000n\000g}{chapter.2}% 15
\BOOKMARK [2][-]{subsection.2.2.1}{\376\377\000L\000o\000c\000a\000l\000\040\000r\000e\000p\000u\000l\000s\000i\000o\000n}{section.2.2}% 16
\BOOKMARK [2][-]{subsection.2.2.2}{\376\377\000N\000o\000n\000-\000l\000o\000c\000a\000l\000\040\000a\000t\000t\000r\000a\000c\000t\000i\000o\000n}{section.2.2}% 17
\BOOKMARK [1][-]{section.2.3}{\376\377\000T\000h\000e\000\040\000E\000H\000M\000\040\000i\000n\000\040\000r\000e\000c\000i\000p\000r\000o\000c\000a\000l\000\040\000s\000p\000a\000c\000e}{chapter.2}% 18
\BOOKMARK [1][-]{section.2.4}{\376\377\000S\000q\000u\000a\000r\000e\000\040\000l\000a\000t\000t\000i\000c\000e\000\040\000s\000p\000a\000t\000i\000a\000l\000\040\000s\000y\000m\000m\000e\000t\000r\000y\000\040\000c\000h\000a\000n\000n\000e\000l\000s}{chapter.2}% 19
\BOOKMARK [0][-]{chapter.3}{\376\377\000T\000h\000e\000\040\000n\000o\000r\000m\000a\000l\000\040\000p\000h\000a\000s\000e}{}% 20
\BOOKMARK [1][-]{section.3.1}{\376\377\000T\000h\000e\000\040\000n\000o\000r\000m\000a\000l\000\040\000p\000h\000a\000s\000e\000\040\000a\000n\000d\000\040\000i\000t\000s\000\040\000s\000y\000m\000m\000e\000t\000r\000i\000e\000s}{chapter.3}% 21
\BOOKMARK [1][-]{section.3.2}{\376\377\000A\000p\000p\000l\000i\000c\000a\000t\000i\000o\000n\000\040\000o\000f\000\040\000H\000F\000\040\000m\000e\000t\000h\000o\000d\000s\000\040\000t\000o\000\040\000t\000h\000e\000\040\000n\000o\000r\000m\000a\000l\000\040\000p\000h\000a\000s\000e}{chapter.3}% 22
\BOOKMARK [2][-]{subsection.3.2.1}{\376\377\000H\000a\000r\000t\000r\000e\000e\000\040\000e\000f\000f\000e\000c\000t\000s\000:\000\040\000c\000h\000e\000m\000i\000c\000a\000l\000\040\000p\000o\000t\000e\000n\000t\000i\000a\000l\000\040\000r\000e\000n\000o\000r\000m\000a\000l\000i\000s\000a\000t\000i\000o\000n}{section.3.2}% 23
\BOOKMARK [2][-]{subsection.3.2.2}{\376\377\000F\000o\000c\000k\000\040\000e\000f\000f\000e\000c\000t\000s\000:\000\040\000b\000a\000r\000e\000\040\000b\000a\000n\000d\000s\000\040\000r\000e\000n\000o\000r\000m\000a\000l\000i\000s\000a\000t\000i\000o\000n}{section.3.2}% 24
\BOOKMARK [1][-]{section.3.3}{\376\377\000T\000h\000e\000\040\000H\000F\000\040\000h\000a\000m\000i\000l\000t\000o\000n\000i\000a\000n\000\040\000a\000n\000d\000\040\000i\000t\000s\000\040\000p\000r\000o\000p\000e\000r\000t\000i\000e\000s}{chapter.3}% 25
\BOOKMARK [2][-]{subsection.3.3.1}{\376\377\000N\000e\000m\000a\000t\000i\000c\000i\000t\000y\000:\000\040\000d\000-\000w\000a\000v\000e\000\040\000b\000a\000n\000d\000s\000\040\000a\000n\000d\000\040\000a\000n\000i\000s\000o\000t\000r\000o\000p\000i\000c\000\040\000h\000o\000p\000p\000i\000n\000g}{section.3.3}% 26
\BOOKMARK [2][-]{subsection.3.3.2}{\376\377\000T\000h\000e\000\040\000e\000n\000t\000r\000o\000p\000y\000\040\000d\000e\000n\000s\000i\000t\000y\000\040\000o\000f\000\040\000t\000h\000e\000\040\000n\000o\000r\000m\000a\000l\000\040\000g\000r\000o\000u\000n\000d\000-\000s\000t\000a\000t\000e}{section.3.3}% 27
\BOOKMARK [2][-]{subsection.3.3.3}{\376\377\000T\000h\000e\000\040\000f\000r\000e\000e\000\040\000e\000n\000e\000r\000g\000y\000\040\000d\000e\000n\000s\000i\000t\000y\000\040\000o\000f\000\040\000t\000h\000e\000\040\000n\000o\000r\000m\000a\000l\000\040\000g\000r\000o\000u\000n\000d\000-\000s\000t\000a\000t\000e}{section.3.3}% 28
\BOOKMARK [1][-]{section.3.4}{\376\377\000A\000n\000a\000l\000y\000s\000i\000s\000\040\000o\000f\000\040\000t\000h\000e\000\040\000s\000o\000l\000u\000t\000i\000o\000n}{chapter.3}% 29
\BOOKMARK [1][-]{section.3.5}{\376\377\000D\000i\000s\000c\000u\000s\000s\000i\000o\000n\000\040\000o\000f\000\040\000n\000u\000m\000e\000r\000i\000c\000\040\000r\000e\000s\000u\000l\000t\000s}{chapter.3}% 30
\BOOKMARK [2][-]{subsection.3.5.1}{\376\377\000M\000o\000t\000t\000\040\000l\000o\000c\000a\000l\000i\000s\000a\000t\000i\000o\000n\000\040\000e\000f\000f\000e\000c\000t}{section.3.5}% 31
\BOOKMARK [2][-]{subsection.3.5.2}{\376\377\000S\000o\000l\000u\000t\000i\000o\000n\000\040\000f\000r\000e\000e\000\040\000e\000n\000e\000r\000g\000y\000\040\000a\000n\000d\000\040\000e\000n\000t\000r\000o\000p\000y\000\040\000d\000e\000n\000s\000i\000t\000i\000e\000s}{section.3.5}% 32
\BOOKMARK [2][-]{subsection.3.5.3}{\376\377\000C\000o\000n\000v\000e\000r\000g\000e\000n\000c\000e\000\040\000p\000r\000o\000b\000l\000e\000m\000s\000\040\000a\000n\000d\000\040\000m\000i\000x\000i\000n\000g\000\040\000f\000i\000n\000e\000-\000t\000u\000n\000i\000n\000g}{section.3.5}% 33
\BOOKMARK [0][-]{section*.48}{\376\377\000B\000i\000b\000l\000i\000o\000g\000r\000a\000p\000h\000y}{}% 34
