\BOOKMARK [0][-]{chapter.1}{\376\377\000I\000n\000t\000r\000o\000d\000u\000c\000t\000i\000o\000n}{}% 1
\BOOKMARK [1][-]{section.1.1}{\376\377\000C\000u\000p\000r\000a\000t\000e\000s\000\040\000a\000n\000d\000\040\000t\000h\000e\000\040\000s\000q\000u\000a\000r\000e\000\040\000H\000u\000b\000b\000a\000r\000d\000\040\000m\000o\000d\000e\000l}{chapter.1}% 2
\BOOKMARK [2][-]{subsection.1.1.1}{\376\377\000T\000h\000e\000\040\000M\000o\000t\000t\000\040\000i\000n\000s\000u\000l\000a\000t\000i\000n\000g\000\040\000s\000t\000a\000t\000e\000\040\000i\000n\000\040\000t\000h\000e\000\040\000H\000u\000b\000b\000a\000r\000d\000\040\000m\000o\000d\000e\000l}{section.1.1}% 3
\BOOKMARK [2][-]{subsection.1.1.2}{\376\377\000A\000n\000t\000i\000f\000e\000r\000r\000o\000m\000a\000g\000n\000e\000t\000i\000s\000m\000\040\000i\000n\000\040\000t\000h\000e\000\040\000H\000u\000b\000b\000a\000r\000d\000\040\000m\000o\000d\000e\000l}{section.1.1}% 4
\BOOKMARK [2][-]{subsection.1.1.3}{\376\377\000U\000n\000c\000o\000n\000v\000e\000n\000t\000i\000o\000n\000a\000l\000\040\000s\000u\000p\000e\000r\000c\000o\000n\000d\000u\000c\000t\000i\000v\000i\000t\000y}{section.1.1}% 5
\BOOKMARK [1][-]{section.1.2}{\376\377\000T\000h\000e\000\040\000E\000x\000t\000e\000n\000d\000e\000d\000\040\000H\000u\000b\000b\000a\000r\000d\000\040\000m\000o\000d\000e\000l}{chapter.1}% 6
\BOOKMARK [1][-]{section.1.3}{\376\377\000S\000u\000m\000m\000a\000r\000y\000\040\000o\000f\000\040\000t\000h\000e\000\040\000m\000a\000i\000n\000\040\000r\000e\000s\000u\000l\000t\000s}{chapter.1}% 7
\BOOKMARK [1][-]{section.1.4}{\376\377\000O\000u\000t\000l\000i\000n\000e\000\040\000o\000f\000\040\000t\000h\000i\000s\000\040\000t\000h\000e\000s\000i\000s}{chapter.1}% 8
\BOOKMARK [0][-]{chapter.2}{\376\377\000T\000h\000e\000\040\000H\000a\000r\000t\000r\000e\000e\000-\000F\000o\000c\000k\000\040\000m\000e\000t\000h\000o\000d}{}% 9
\BOOKMARK [1][-]{section.2.1}{\376\377\000V\000a\000r\000i\000a\000t\000i\000o\000n\000a\000l\000\040\000p\000r\000i\000n\000c\000i\000p\000l\000e\000\040\000a\000n\000d\000\040\000g\000a\000u\000s\000s\000i\000a\000n\000\040\000s\000t\000a\000t\000e\000s}{chapter.2}% 10
\BOOKMARK [1][-]{section.2.2}{\376\377\000T\000h\000e\000\040\000H\000F\000\040\000v\000a\000r\000i\000a\000t\000i\000o\000n\000a\000l\000\040\000m\000e\000t\000h\000o\000d}{chapter.2}% 11
\BOOKMARK [2][-]{subsection.2.2.1}{\376\377\000P\000r\000o\000p\000e\000r\000t\000i\000e\000s\000\040\000o\000f\000\040\000t\000h\000e\000\040\000t\000a\000r\000g\000e\000t\000\040\000q\000u\000a\000d\000r\000a\000t\000i\000c\000\040\000h\000a\000m\000i\000l\000t\000o\000n\000i\000a\000n}{section.2.2}% 12
\BOOKMARK [2][-]{subsection.2.2.2}{\376\377\000S\000e\000l\000f\000-\000c\000o\000n\000s\000i\000s\000t\000e\000n\000t\000\040\000v\000a\000r\000i\000a\000t\000i\000o\000n\000a\000l\000\040\000s\000o\000l\000u\000t\000i\000o\000n}{section.2.2}% 13
\BOOKMARK [2][-]{subsection.2.2.3}{\376\377\000O\000p\000e\000r\000a\000t\000i\000v\000e\000\040\000h\000a\000m\000i\000l\000t\000o\000n\000i\000a\000n\000\040\000a\000p\000p\000r\000o\000x\000i\000m\000a\000t\000i\000o\000n}{section.2.2}% 14
\BOOKMARK [1][-]{section.2.3}{\376\377\000T\000h\000e\000\040\000i\000H\000F\000\040\000a\000l\000g\000o\000r\000i\000t\000h\000m}{chapter.2}% 15
\BOOKMARK [2][-]{subsection.2.3.1}{\376\377\000F\000i\000x\000e\000d\000\040\000d\000e\000n\000s\000i\000t\000y\000\040\000s\000i\000m\000u\000l\000a\000t\000i\000o\000n\000s\000\040\000a\000n\000d\000\040\000t\000h\000e\000\040\000r\000o\000l\000e\000\040\000o\000f\000\040}{section.2.3}% 16
\BOOKMARK [2][-]{subsection.2.3.2}{\376\377\000T\000h\000e\000\040\000c\000o\000n\000v\000e\000r\000g\000e\000n\000c\000e\000\040\000s\000c\000h\000e\000m\000e}{section.2.3}% 17
\BOOKMARK [0][-]{chapter.3}{\376\377\000P\000h\000a\000s\000e\000\040\000t\000r\000a\000n\000s\000i\000t\000i\000o\000n\000s\000\040\000a\000n\000d\000\040\000s\000p\000o\000n\000t\000a\000n\000e\000o\000u\000s\000\040\000s\000y\000m\000m\000e\000t\000r\000y\000\040\000b\000r\000e\000a\000k\000i\000n\000g\000\040\000i\000n\000\040\000t\000h\000e\000\040\000e\000x\000t\000e\000n\000d\000e\000d\000\040\000H\000u\000b\000b\000a\000r\000d\000\040\000m\000o\000d\000e\000l}{}% 18
\BOOKMARK [1][-]{section.3.1}{\376\377\000S\000y\000m\000m\000e\000t\000r\000i\000e\000s\000\040\000o\000f\000\040\000t\000h\000e\000\040\000E\000H\000M\000\040\000o\000n\000\040\000t\000h\000e\000\040\000s\000q\000u\000a\000r\000e\000\040\000l\000a\000t\000t\000i\000c\000e}{chapter.3}% 19
\BOOKMARK [2][-]{subsection.3.1.1}{\376\377\000L\000a\000t\000t\000i\000c\000e\000\040\000s\000y\000m\000m\000e\000t\000r\000i\000e\000s}{section.3.1}% 20
\BOOKMARK [2][-]{subsection.3.1.2}{\376\377\000S\000p\000i\000n\000\040\000a\000n\000d\000\040\000c\000h\000a\000r\000g\000e\000\040\000s\000y\000m\000m\000e\000t\000r\000i\000e\000s}{section.3.1}% 21
\BOOKMARK [2][-]{subsection.3.1.3}{\376\377\000P\000a\000r\000t\000i\000c\000l\000e\000-\000h\000o\000l\000e\000\040\000s\000y\000m\000m\000e\000t\000r\000y\000\040\000a\000t\000\040\000h\000a\000l\000f\000-\000f\000i\000l\000l\000i\000n\000g}{section.3.1}% 22
\BOOKMARK [1][-]{section.3.2}{\376\377\000T\000h\000e\000\040\000H\000F\000\040\000m\000e\000t\000h\000o\000d\000\040\000a\000n\000d\000\040\000s\000y\000m\000m\000e\000t\000r\000y\000\040\000b\000r\000e\000a\000k\000i\000n\000g}{chapter.3}% 23
\BOOKMARK [2][-]{subsection.3.2.1}{\376\377\000L\000o\000c\000a\000l\000\040\000r\000e\000p\000u\000l\000s\000i\000o\000n}{section.3.2}% 24
\BOOKMARK [2][-]{subsection.3.2.2}{\376\377\000N\000o\000n\000-\000l\000o\000c\000a\000l\000\040\000a\000t\000t\000r\000a\000c\000t\000i\000o\000n}{section.3.2}% 25
\BOOKMARK [1][-]{section.3.3}{\376\377\000T\000h\000e\000\040\000E\000H\000M\000\040\000i\000n\000\040\000r\000e\000c\000i\000p\000r\000o\000c\000a\000l\000\040\000s\000p\000a\000c\000e}{chapter.3}% 26
\BOOKMARK [1][-]{section.3.4}{\376\377\000S\000q\000u\000a\000r\000e\000\040\000l\000a\000t\000t\000i\000c\000e\000\040\000s\000p\000a\000t\000i\000a\000l\000\040\000s\000y\000m\000m\000e\000t\000r\000y\000\040\000c\000h\000a\000n\000n\000e\000l\000s}{chapter.3}% 27
\BOOKMARK [0][-]{chapter.4}{\376\377\000M\000o\000t\000t\000\040\000l\000o\000c\000a\000l\000i\000s\000a\000t\000i\000o\000n\000\040\000i\000n\000\040\000t\000h\000e\000\040\000n\000o\000r\000m\000a\000l\000\040\000p\000h\000a\000s\000e}{}% 28
\BOOKMARK [1][-]{section.4.1}{\376\377\000T\000h\000e\000\040\000n\000o\000r\000m\000a\000l\000\040\000p\000h\000a\000s\000e\000\040\000a\000n\000d\000\040\000i\000t\000s\000\040\000s\000y\000m\000m\000e\000t\000r\000i\000e\000s}{chapter.4}% 29
\BOOKMARK [1][-]{section.4.2}{\376\377\000A\000p\000p\000l\000i\000c\000a\000t\000i\000o\000n\000\040\000o\000f\000\040\000H\000a\000r\000t\000r\000e\000e\000-\000F\000o\000c\000k\000\040\000m\000e\000t\000h\000o\000d\000s\000\040\000t\000o\000\040\000t\000h\000e\000\040\000n\000o\000r\000m\000a\000l\000\040\000p\000h\000a\000s\000e}{chapter.4}% 30
\BOOKMARK [2][-]{subsection.4.2.1}{\376\377\000E\000f\000f\000e\000c\000t\000s\000\040\000o\000f\000\040\000t\000h\000e\000\040\000H\000a\000r\000t\000r\000e\000e\000\040\000t\000e\000r\000m\000s\000:\000\040\000c\000h\000e\000m\000i\000c\000a\000l\000\040\000p\000o\000t\000e\000n\000t\000i\000a\000l\000\040\000r\000e\000n\000o\000r\000m\000a\000l\000i\000s\000a\000t\000i\000o\000n}{section.4.2}% 31
\BOOKMARK [2][-]{subsection.4.2.2}{\376\377\000E\000f\000f\000e\000c\000t\000s\000\040\000o\000f\000\040\000t\000h\000e\000\040\000F\000o\000c\000k\000\040\000t\000e\000r\000m\000s\000:\000\040\000b\000a\000r\000e\000\040\000b\000a\000n\000d\000s\000\040\000r\000e\000n\000o\000r\000m\000a\000l\000i\000s\000a\000t\000i\000o\000n}{section.4.2}% 32
\BOOKMARK [1][-]{section.4.3}{\376\377\000T\000h\000e\000\040\000H\000F\000\040\000h\000a\000m\000i\000l\000t\000o\000n\000i\000a\000n\000\040\000a\000n\000d\000\040\000i\000t\000s\000\040\000p\000r\000o\000p\000e\000r\000t\000i\000e\000s}{chapter.4}% 33
\BOOKMARK [2][-]{subsection.4.3.1}{\376\377\000N\000e\000m\000a\000t\000i\000c\000i\000t\000y\000:\000\040\000d\000-\000w\000a\000v\000e\000\040\000b\000a\000n\000d\000s\000\040\000a\000n\000d\000\040\000a\000n\000i\000s\000o\000t\000r\000o\000p\000i\000c\000\040\000h\000o\000p\000p\000i\000n\000g}{section.4.3}% 34
\BOOKMARK [2][-]{subsection.4.3.2}{\376\377\000T\000h\000e\000\040\000e\000n\000t\000r\000o\000p\000y\000\040\000d\000e\000n\000s\000i\000t\000y\000\040\000o\000f\000\040\000t\000h\000e\000\040\000n\000o\000r\000m\000a\000l\000\040\000g\000r\000o\000u\000n\000d\000-\000s\000t\000a\000t\000e}{section.4.3}% 35
\BOOKMARK [2][-]{subsection.4.3.3}{\376\377\000T\000h\000e\000\040\000f\000r\000e\000e\000\040\000e\000n\000e\000r\000g\000y\000\040\000d\000e\000n\000s\000i\000t\000y\000\040\000o\000f\000\040\000t\000h\000e\000\040\000n\000o\000r\000m\000a\000l\000\040\000g\000r\000o\000u\000n\000d\000-\000s\000t\000a\000t\000e}{section.4.3}% 36
\BOOKMARK [1][-]{section.4.4}{\376\377\000C\000o\000n\000s\000t\000r\000a\000i\000n\000t\000s\000\040\000o\000n\000\040\000t\000h\000e\000\040\000s\000e\000l\000f\000-\000c\000o\000n\000s\000i\000s\000t\000e\000n\000t\000\040\000s\000o\000l\000u\000t\000i\000o\000n}{chapter.4}% 37
\BOOKMARK [1][-]{section.4.5}{\376\377\000N\000u\000m\000e\000r\000i\000c\000\040\000r\000e\000s\000u\000l\000t\000s\000\040\000f\000o\000r\000\040\000t\000h\000e\000\040\000n\000o\000r\000m\000a\000l\000\040\000p\000h\000a\000s\000e}{chapter.4}% 38
\BOOKMARK [2][-]{subsection.4.5.1}{\376\377\000M\000o\000t\000t\000\040\000l\000o\000c\000a\000l\000i\000s\000a\000t\000i\000o\000n}{section.4.5}% 39
\BOOKMARK [2][-]{subsection.4.5.2}{\376\377\000S\000o\000l\000u\000t\000i\000o\000n\000\040\000f\000r\000e\000e\000\040\000e\000n\000e\000r\000g\000y\000\040\000a\000n\000d\000\040\000e\000n\000t\000r\000o\000p\000y\000\040\000d\000e\000n\000s\000i\000t\000i\000e\000s}{section.4.5}% 40
\BOOKMARK [2][-]{subsection.4.5.3}{\376\377\000C\000o\000n\000v\000e\000r\000g\000e\000n\000c\000e\000\040\000p\000r\000o\000b\000l\000e\000m\000s\000\040\000a\000n\000d\000\040\000m\000i\000x\000i\000n\000g\000\040\000f\000i\000n\000e\000-\000t\000u\000n\000i\000n\000g}{section.4.5}% 41
\BOOKMARK [0][-]{chapter.5}{\376\377\000A\000n\000t\000i\000f\000e\000r\000r\000o\000m\000a\000g\000n\000e\000t\000i\000c\000\040\000p\000h\000a\000s\000e}{}% 42
\BOOKMARK [1][-]{section.5.1}{\376\377\000T\000h\000e\000\040\000A\000F\000\040\000p\000h\000a\000s\000e\000\040\000a\000n\000d\000\040\000i\000t\000s\000\040\000s\000y\000m\000m\000e\000t\000r\000i\000e\000s}{chapter.5}% 43
\BOOKMARK [2][-]{subsection.5.1.1}{\376\377\000S\000y\000m\000m\000e\000t\000r\000i\000e\000s\000\040\000o\000f\000\040\000t\000h\000e\000\040\000c\000o\000m\000m\000e\000n\000s\000u\000r\000a\000t\000e\000\040\000A\000F\000\040\000A\000n\000s\000a\000t\000z}{section.5.1}% 44
\BOOKMARK [2][-]{subsection.5.1.2}{\376\377\000T\000h\000e\000\040\000A\000F\000\040\000A\000n\000s\000a\000t\000z\000\040\000i\000n\000\040\000r\000e\000c\000i\000p\000r\000o\000c\000a\000l\000\040\000s\000p\000a\000c\000e}{section.5.1}% 45
\BOOKMARK [1][-]{section.5.2}{\376\377\000T\000h\000e\000\040\000A\000F\000\040\000p\000h\000a\000s\000e\000\040\000i\000n\000\040\000t\000h\000e\000\040\000c\000o\000n\000v\000e\000n\000t\000i\000o\000n\000a\000l\000\040\000H\000M}{chapter.5}% 46
\BOOKMARK [2][-]{subsection.5.2.1}{\376\377\000D\000e\000r\000i\000v\000a\000t\000i\000o\000n\000\040\000o\000f\000\040\000t\000h\000e\000\040\000H\000F\000\040\000h\000a\000m\000i\000l\000t\000o\000n\000i\000a\000n\000\040}{section.5.2}% 47
\BOOKMARK [2][-]{subsection.5.2.2}{\376\377\000D\000i\000a\000g\000o\000n\000a\000l\000i\000s\000a\000t\000i\000o\000n\000\040\000o\000f\000\040\000t\000h\000e\000\040\000H\000F\000\040\000h\000a\000m\000i\000l\000t\000o\000n\000i\000a\000n}{section.5.2}% 48
\BOOKMARK [1][-]{section.5.3}{\376\377\000G\000e\000n\000e\000r\000a\000l\000i\000s\000a\000t\000i\000o\000n\000\040\000t\000o\000\040\000t\000h\000e\000\040\000E\000H\000M\000:\000\040\000t\000h\000e\000\040\000H\000F\000\040\000h\000a\000m\000i\000l\000t\000o\000n\000i\000a\000n\000\040\000a\000n\000d\000\040\000t\000h\000e\000\040\000v\000a\000r\000i\000a\000t\000i\000o\000n\000a\000l\000\040\000p\000a\000r\000a\000m\000e\000t\000e\000r\000s}{chapter.5}% 49
\BOOKMARK [1][-]{section.5.4}{\376\377\000M\000o\000t\000t\000\040\000l\000o\000c\000a\000l\000i\000s\000a\000t\000i\000o\000n\000-\000e\000n\000h\000a\000n\000c\000e\000d\000\040\000m\000a\000g\000n\000e\000t\000i\000s\000a\000t\000i\000o\000n}{chapter.5}% 50
\BOOKMARK [1][-]{section.5.5}{\376\377\000N\000u\000m\000e\000r\000i\000c\000\040\000r\000e\000s\000u\000l\000t\000s\000\040\000f\000o\000r\000\040\000t\000h\000e\000\040\000c\000o\000m\000m\000e\000n\000s\000u\000r\000a\000t\000e\000\040\000A\000F\000\040\000p\000h\000a\000s\000e}{chapter.5}% 51
\BOOKMARK [2][-]{subsection.5.5.1}{\376\377\000M\000o\000t\000t\000\040\000l\000o\000c\000a\000l\000i\000s\000a\000t\000i\000o\000n\000\040\000i\000n\000\040\000t\000h\000e\000\040\000A\000F\000\040\000p\000h\000a\000s\000e}{section.5.5}% 52
\BOOKMARK [2][-]{subsection.5.5.2}{\376\377\000M\000o\000t\000t\000-\000i\000n\000d\000u\000c\000e\000d\000\040\000e\000n\000h\000a\000n\000c\000e\000m\000e\000n\000t\000\040\000o\000f\000\040\000m\000a\000g\000n\000e\000t\000i\000s\000a\000t\000i\000o\000n}{section.5.5}% 53
\BOOKMARK [2][-]{subsection.5.5.3}{\376\377\000S\000o\000l\000u\000t\000i\000o\000n\000\040\000f\000r\000e\000e\000\040\000e\000n\000e\000r\000g\000y\000\040\000d\000e\000n\000s\000i\000t\000y}{section.5.5}% 54
\BOOKMARK [2][-]{subsection.5.5.4}{\376\377\000F\000i\000x\000e\000d\000-\000p\000o\000i\000n\000t\000\040\000i\000n\000t\000e\000r\000p\000r\000e\000t\000a\000t\000i\000o\000n\000\040\000o\000f\000\040\000H\000F\000\040\000s\000o\000l\000u\000t\000i\000o\000n}{section.5.5}% 55
\BOOKMARK [0][-]{chapter.6}{\376\377\000S\000u\000p\000e\000r\000c\000o\000n\000d\000u\000c\000t\000i\000n\000g\000\040\000p\000h\000a\000s\000e}{}% 56
\BOOKMARK [1][-]{section.6.1}{\376\377\000T\000h\000e\000\040\000S\000C\000\040\000p\000h\000a\000s\000e\000\040\000a\000n\000d\000\040\000i\000t\000s\000\040\000s\000y\000m\000m\000e\000t\000r\000i\000e\000s}{chapter.6}% 57
\BOOKMARK [1][-]{section.6.2}{\376\377\000T\000h\000e\000\040\000H\000F\000\040\000h\000a\000m\000i\000l\000t\000o\000n\000i\000a\000n\000\040\000a\000n\000d\000\040\000t\000h\000e\000\040\000v\000a\000r\000i\000a\000t\000i\000o\000n\000a\000l\000\040\000p\000a\000r\000a\000m\000e\000t\000e\000r\000s}{chapter.6}% 58
\BOOKMARK [1][-]{section.6.3}{\376\377\000N\000u\000m\000e\000r\000i\000c\000\040\000r\000e\000s\000u\000l\000t\000s\000\040\000f\000o\000r\000\040\000t\000h\000e\000\040\000t\000h\000e\000\040\000s\000i\000n\000g\000l\000e\000t\000\040\000S\000C\000\040\000p\000h\000a\000s\000e}{chapter.6}% 59
\BOOKMARK [2][-]{subsection.6.3.1}{\376\377\000M\000u\000l\000t\000i\000-\000s\000y\000m\000m\000e\000t\000r\000y\000\040\000s\000i\000n\000g\000l\000e\000t\000\040\000s\000u\000p\000e\000r\000c\000o\000n\000d\000u\000c\000t\000i\000v\000i\000t\000y}{section.6.3}% 60
\BOOKMARK [2][-]{subsection.6.3.2}{\376\377\000R\000o\000t\000a\000t\000i\000o\000n\000a\000l\000\040\000S\000S\000B\000\040\000a\000n\000d\000\040\000n\000e\000m\000a\000t\000i\000c\000\040\000s\000u\000p\000e\000r\000c\000o\000n\000d\000u\000c\000t\000i\000v\000i\000t\000y}{section.6.3}% 61
\BOOKMARK [2][-]{subsection.6.3.3}{\376\377\000I\000s\000o\000t\000r\000o\000p\000i\000c\000\040\000b\000a\000n\000d\000s\000\040\000s\000h\000r\000i\000n\000k\000i\000n\000g}{section.6.3}% 62
\BOOKMARK [2][-]{subsection.6.3.4}{\376\377\000S\000o\000l\000u\000t\000i\000o\000n\000\040\000f\000r\000e\000e\000\040\000e\000n\000e\000r\000g\000y\000\040\000a\000n\000d\000\040\000e\000n\000t\000r\000o\000p\000y\000\040\000d\000e\000n\000s\000i\000t\000i\000e\000s}{section.6.3}% 63
\BOOKMARK [0][-]{chapter.7}{\376\377\000C\000o\000n\000c\000l\000u\000s\000i\000o\000n\000s}{}% 64
\BOOKMARK [0][-]{appendix.A}{\376\377\000V\000i\000r\000t\000u\000a\000l\000\040\000h\000o\000p\000p\000i\000n\000g\000\040\000i\000n\000\040\000H\000u\000b\000b\000a\000r\000d\000\040\000l\000a\000t\000t\000i\000c\000e\000s}{}% 65
\BOOKMARK [1][-]{section.A.1}{\376\377\000S\000i\000n\000g\000l\000e\000t\000\040\000p\000a\000i\000r\000i\000n\000g\000\040\000i\000n\000\040\000H\000u\000b\000b\000a\000r\000d\000\040\000l\000a\000t\000t\000i\000c\000e\000s}{appendix.A}% 66
\BOOKMARK [1][-]{section.A.2}{\376\377\000D\000i\000r\000e\000c\000t\000\040\000e\000x\000c\000h\000a\000n\000g\000e\000\040\000a\000n\000d\000\040\000v\000i\000r\000t\000u\000a\000l\000\040\000h\000o\000p\000p\000i\000n\000g}{appendix.A}% 67
\BOOKMARK [1][-]{section.A.3}{\376\377\000S\000u\000p\000e\000r\000e\000x\000c\000h\000a\000n\000g\000e\000\040\000i\000n\000\040\000c\000u\000p\000r\000a\000t\000e\000s}{appendix.A}% 68
\BOOKMARK [0][-]{appendix.B}{\376\377\000G\000a\000u\000s\000s\000i\000a\000n\000\040\000s\000t\000a\000t\000e\000s}{}% 69
\BOOKMARK [1][-]{section.B.1}{\376\377\000S\000l\000a\000t\000e\000r\000\040\000d\000e\000t\000e\000r\000m\000i\000n\000a\000n\000t\000s}{appendix.B}% 70
\BOOKMARK [1][-]{section.B.2}{\376\377\000W\000i\000c\000k\000'\000s\000\040\000t\000h\000e\000o\000r\000e\000m\000\040\000a\000p\000p\000l\000i\000e\000d\000\040\000t\000o\000\040\000S\000l\000a\000t\000e\000r\000\040\000d\000e\000t\000e\000r\000m\000i\000n\000a\000n\000t\000s}{appendix.B}% 71
\BOOKMARK [1][-]{section.B.3}{\376\377\000G\000e\000n\000e\000r\000a\000l\000i\000s\000a\000t\000i\000o\000n\000\040\000t\000o\000\040\000B\000o\000g\000o\000l\000i\000u\000b\000o\000v\000-\000V\000a\000l\000a\000t\000i\000n\000\040\000s\000t\000a\000t\000e\000s}{appendix.B}% 72
\BOOKMARK [0][-]{appendix.C}{\376\377\000C\000o\000n\000n\000e\000c\000t\000i\000o\000n\000\040\000w\000i\000t\000h\000\040\000m\000e\000a\000n\000-\000f\000i\000e\000l\000d\000\040\000t\000h\000e\000o\000r\000i\000e\000s}{}% 73
\BOOKMARK [1][-]{section.C.1}{\376\377\000M\000e\000a\000n\000-\000f\000i\000e\000l\000d\000\040\000t\000h\000e\000o\000r\000y}{appendix.C}% 74
\BOOKMARK [1][-]{section.C.2}{\376\377\000H\000a\000r\000t\000e\000e\000-\000F\000o\000c\000k\000\040\000m\000e\000t\000h\000o\000d\000s}{appendix.C}% 75
\BOOKMARK [0][-]{appendix.D}{\376\377\000A\000n\000t\000i\000f\000e\000r\000r\000o\000m\000a\000g\000n\000e\000t\000i\000s\000m\000\040\000i\000n\000\040\000t\000h\000e\000\040\000H\000M}{}% 76
\BOOKMARK [1][-]{section.D.1}{\376\377\000T\000h\000e\000\040\000A\000F\000\040\000g\000r\000o\000u\000n\000d\000-\000s\000t\000a\000t\000e\000\040\000f\000o\000r\000\040\000t\000h\000e\000\040\000c\000o\000n\000v\000e\000n\000t\000i\000o\000n\000a\000l\000\040\000H\000M}{appendix.D}% 77
\BOOKMARK [1][-]{section.D.2}{\376\377\000E\000x\000p\000l\000i\000c\000i\000t\000\040\000A\000F\000\040\000g\000r\000o\000u\000n\000d\000\040\000s\000t\000a\000t\000e\000\040\000a\000t\000\040\000h\000a\000l\000f\000-\000f\000i\000l\000l\000i\000n\000g\000\040\000a\000n\000d\000\040}{appendix.D}% 78
\BOOKMARK [1][-]{section.D.3}{\376\377\000I\000n\000s\000t\000a\000b\000i\000l\000i\000t\000y\000\040\000o\000f\000\040\000t\000h\000e\000\040\000c\000o\000m\000m\000e\000n\000s\000u\000r\000a\000t\000e\000\040\000A\000F\000\040\000p\000h\000a\000s\000e}{appendix.D}% 79
\BOOKMARK [1][-]{section.D.4}{\376\377\000i\000H\000F\000\040\000r\000e\000s\000u\000l\000t\000s}{appendix.D}% 80
\BOOKMARK [1][-]{section.D.5}{\376\377\000A\000n\000a\000l\000y\000t\000i\000c\000\040\000e\000x\000p\000r\000e\000s\000s\000i\000o\000n\000\040\000o\000f\000\040\000s\000e\000l\000f\000-\000c\000o\000n\000s\000i\000s\000t\000e\000n\000t\000\040\000m\000a\000g\000n\000e\000t\000i\000s\000a\000t\000i\000o\000n\000\040\000a\000t\000\040\000h\000a\000l\000f\000-\000f\000i\000l\000l\000i\000n\000g}{appendix.D}% 81
\BOOKMARK [0][-]{appendix.E}{\376\377\000T\000h\000e\000\040\000H\000F\000\040\000h\000a\000m\000i\000l\000t\000o\000n\000i\000a\000n\000\040\000i\000n\000\040\000t\000h\000e\000\040\000A\000F\000\040\000p\000h\000a\000s\000e}{}% 82
\BOOKMARK [1][-]{section.E.1}{\376\377\000G\000e\000n\000e\000r\000a\000l\000i\000s\000a\000t\000i\000o\000n\000\040\000t\000o\000\040\000t\000h\000e\000\040\000E\000H\000M}{appendix.E}% 83
\BOOKMARK [2][-]{subsection.E.1.1}{\376\377\000E\000f\000f\000e\000c\000t\000s\000\040\000o\000f\000\040\000t\000h\000e\000\040\000n\000o\000n\000-\000l\000o\000c\000a\000l\000\040\000H\000a\000r\000t\000r\000e\000e\000\040\000t\000e\000r\000m\000s\000:\000\040\000c\000h\000e\000m\000i\000c\000a\000l\000\040\000p\000o\000t\000e\000n\000t\000i\000a\000l\000\040\000r\000e\000n\000o\000r\000m\000a\000l\000i\000s\000a\000t\000i\000o\000n}{section.E.1}% 84
\BOOKMARK [2][-]{subsection.E.1.2}{\376\377\000E\000f\000f\000e\000c\000t\000s\000\040\000o\000f\000\040\000t\000h\000e\000\040\000F\000o\000c\000k\000\040\000t\000e\000r\000m\000s\000:\000\040\000g\000a\000p\000\040\000a\000n\000d\000\040\000b\000a\000r\000e\000\040\000b\000a\000n\000d\000s\000\040\000r\000e\000n\000o\000r\000m\000a\000l\000i\000s\000a\000t\000i\000o\000n}{section.E.1}% 85
\BOOKMARK [1][-]{section.E.2}{\376\377\000T\000h\000e\000\040\000H\000F\000\040\000h\000a\000m\000i\000l\000t\000o\000n\000i\000a\000n\000\040\000a\000n\000d\000\040\000i\000t\000s\000\040\000p\000r\000o\000p\000e\000r\000t\000i\000e\000s}{appendix.E}% 86
\BOOKMARK [2][-]{subsection.E.2.1}{\376\377\000G\000a\000p\000\040\000c\000o\000m\000p\000l\000e\000x\000i\000f\000i\000c\000a\000t\000i\000o\000n\000\040\000a\000n\000d\000\040\000A\000F\000\040\000f\000l\000a\000v\000o\000u\000r\000s}{section.E.2}% 87
\BOOKMARK [2][-]{subsection.E.2.2}{\376\377\000T\000h\000e\000\040\000e\000n\000t\000r\000o\000p\000y\000\040\000d\000e\000n\000s\000i\000t\000y\000\040\000o\000f\000\040\000t\000h\000e\000\040\000A\000F\000\040\000g\000r\000o\000u\000n\000d\000-\000s\000t\000a\000t\000e}{section.E.2}% 88
\BOOKMARK [2][-]{subsection.E.2.3}{\376\377\000T\000h\000e\000\040\000f\000r\000e\000e\000\040\000e\000n\000e\000r\000g\000y\000\040\000d\000e\000n\000s\000i\000t\000y\000\040\000o\000f\000\040\000t\000h\000e\000\040\000A\000F\000\040\000g\000r\000o\000u\000n\000d\000-\000s\000t\000a\000t\000e}{section.E.2}% 89
\BOOKMARK [0][-]{appendix.F}{\376\377\000T\000h\000e\000o\000r\000e\000t\000i\000c\000a\000l\000\040\000c\000o\000n\000s\000t\000r\000a\000i\000n\000t\000s\000\040\000o\000n\000\040\000t\000h\000e\000\040\000n\000o\000r\000m\000a\000l\000\040\000a\000n\000d\000\040\000A\000F\000\040\000H\000F\000P\000s}{}% 90
\BOOKMARK [1][-]{section.F.1}{\376\377\000N\000o\000r\000m\000a\000l\000\040\000p\000h\000a\000s\000e}{appendix.F}% 91
\BOOKMARK [2][-]{subsection.F.1.1}{\376\377\000M\000i\000x\000e\000d\000\040\000s\000*\000\040\000d\000\040\000b\000a\000n\000d\000s}{section.F.1}% 92
\BOOKMARK [2][-]{subsection.F.1.2}{\376\377\000B\000a\000n\000d\000s\000\040\000s\000h\000r\000i\000n\000k\000i\000n\000g\000\040\000e\000f\000f\000e\000c\000t\000\040\000w\000i\000t\000h\000i\000n\000\040\000u\000n\000b\000r\000o\000k\000e\000n\000\040\000C\0004\000\040\000s\000y\000m\000m\000e\000t\000r\000y}{section.F.1}% 93
\BOOKMARK [2][-]{subsection.F.1.3}{\376\377\000B\000a\000n\000d\000s\000\040\000s\000h\000r\000i\000n\000k\000i\000n\000g\000\040\000e\000f\000f\000e\000c\000t\000\040\000w\000i\000t\000h\000i\000n\000\040\000b\000r\000o\000k\000e\000n\000\040\000C\0004\000\040\000S\000S\000B\000C\0002\000\040\000s\000y\000m\000m\000e\000t\000r\000y}{section.F.1}% 94
\BOOKMARK [1][-]{section.F.2}{\376\377\000A\000F\000\040\000p\000h\000a\000s\000e}{appendix.F}% 95
\BOOKMARK [2][-]{subsection.F.2.1}{\376\377\000B\000a\000n\000d\000s\000\040\000s\000h\000r\000i\000n\000k\000i\000n\000g\000\040\000e\000f\000f\000e\000c\000t\000\040\000w\000i\000t\000h\000i\000n\000\040\000u\000n\000b\000r\000o\000k\000e\000n\000\040\000C\0004\000\040\000s\000y\000m\000m\000e\000t\000r\000y}{section.F.2}% 96
\BOOKMARK [2][-]{subsection.F.2.2}{\376\377\000S\000e\000l\000e\000c\000t\000i\000o\000n\000\040\000r\000u\000l\000e\000s\000\040\000o\000n\000\040\000t\000h\000e\000\040\000m\000a\000g\000n\000e\000t\000i\000c\000\040\000H\000F\000P\000s\000\040\000i\000n\000\040\000s\000A\000F\000\040\000p\000h\000a\000s\000e}{section.F.2}% 97
\BOOKMARK [2][-]{subsection.F.2.3}{\376\377\000S\000e\000l\000e\000c\000t\000i\000o\000n\000\040\000r\000u\000l\000e\000s\000\040\000o\000n\000\040\000t\000h\000e\000\040\000m\000a\000g\000n\000e\000t\000i\000c\000\040\000H\000F\000P\000s\000\040\000i\000n\000\040\000a\000A\000F\000\040\000p\000h\000a\000s\000e}{section.F.2}% 98
\BOOKMARK [2][-]{subsection.F.2.4}{\376\377\000B\000a\000n\000d\000s\000\040\000s\000h\000r\000i\000n\000k\000i\000n\000g\000\040\000e\000f\000f\000e\000c\000t\000\040\000w\000i\000t\000h\000i\000n\000\040\000b\000r\000o\000k\000e\000n\000\040\000C\0004\000\040\000S\000S\000B\000C\0002\000\040\000s\000y\000m\000m\000e\000t\000r\000y}{section.F.2}% 99
\BOOKMARK [0][-]{appendix.G}{\376\377\000T\000h\000e\000\040\000H\000F\000\040\000h\000a\000m\000i\000l\000t\000o\000n\000i\000a\000n\000\040\000i\000n\000\040\000t\000h\000e\000\040\000S\000C\000\040\000p\000h\000a\000s\000e}{}% 100
\BOOKMARK [1][-]{section.G.1}{\376\377\000S\000u\000p\000e\000r\000c\000o\000n\000d\000u\000c\000t\000i\000v\000i\000t\000y\000\040\000i\000n\000\040\000t\000h\000e\000\040\000c\000o\000n\000v\000e\000n\000t\000i\000o\000n\000a\000l\000\040\000H\000M\000:\000\040\000d\000e\000r\000i\000v\000a\000t\000i\000o\000n\000\040\000o\000f\000\040\000t\000h\000e\000\040\000H\000F\000\040\000h\000a\000m\000i\000l\000t\000o\000n\000i\000a\000n}{appendix.G}% 101
\BOOKMARK [2][-]{subsection.G.1.1}{\376\377\000E\000f\000f\000e\000c\000t\000s\000\040\000o\000f\000\040\000t\000h\000e\000\040\000l\000o\000c\000a\000l\000\040\000H\000a\000r\000t\000r\000e\000e\000\040\000t\000e\000r\000m\000s\000:\000\040\000c\000h\000e\000m\000i\000c\000a\000l\000\040\000p\000o\000t\000e\000n\000t\000i\000a\000l\000\040\000r\000e\000n\000o\000r\000m\000a\000l\000i\000s\000a\000t\000i\000o\000n}{section.G.1}% 102
\BOOKMARK [2][-]{subsection.G.1.2}{\376\377\000E\000f\000f\000e\000c\000t\000s\000\040\000o\000f\000\040\000t\000h\000e\000\040\000l\000o\000c\000a\000l\000\040\000C\000o\000o\000p\000e\000r\000\040\000t\000e\000r\000m\000s\000:\000\040\000i\000s\000o\000t\000r\000o\000p\000i\000c\000\040\000p\000a\000i\000r\000i\000n\000g}{section.G.1}% 103
\BOOKMARK [2][-]{subsection.G.1.3}{\376\377\000D\000i\000a\000g\000o\000n\000a\000l\000i\000s\000a\000t\000i\000o\000n\000\040\000o\000f\000\040\000t\000h\000e\000\040\000H\000F\000\040\000h\000a\000m\000i\000l\000t\000o\000n\000i\000a\000n}{section.G.1}% 104
\BOOKMARK [2][-]{subsection.G.1.4}{\376\377\000I\000m\000p\000o\000s\000s\000i\000b\000i\000l\000i\000t\000y\000\040\000o\000f\000\040\000s\000-\000w\000a\000v\000e\000\040\000s\000u\000p\000e\000r\000c\000o\000n\000d\000u\000c\000t\000i\000v\000i\000t\000y\000\040\000i\000n\000\040\000t\000h\000e\000\040\000H\000M}{section.G.1}% 105
\BOOKMARK [1][-]{section.G.2}{\376\377\000G\000e\000n\000e\000r\000a\000l\000i\000s\000a\000t\000i\000o\000n\000\040\000t\000o\000\040\000t\000h\000e\000\040\000E\000H\000M}{appendix.G}% 106
\BOOKMARK [2][-]{subsection.G.2.1}{\376\377\000E\000f\000f\000e\000c\000t\000s\000\040\000o\000f\000\040\000t\000h\000e\000\040\000n\000o\000n\000-\000l\000o\000c\000a\000l\000\040\000H\000a\000r\000t\000r\000e\000e\000\040\000t\000e\000r\000m\000s\000:\000\040\000c\000h\000e\000m\000i\000c\000a\000l\000\040\000p\000o\000t\000e\000n\000t\000i\000a\000l\000\040\000r\000e\000n\000o\000r\000m\000a\000l\000i\000s\000a\000t\000i\000o\000n}{section.G.2}% 107
\BOOKMARK [2][-]{subsection.G.2.2}{\376\377\000E\000f\000f\000e\000c\000t\000s\000\040\000o\000f\000\040\000t\000h\000e\000\040\000F\000o\000c\000k\000\040\000t\000e\000r\000m\000s\000:\000\040\000b\000a\000r\000e\000\040\000b\000a\000n\000d\000s\000\040\000r\000e\000n\000o\000r\000m\000a\000l\000i\000s\000a\000t\000i\000o\000n}{section.G.2}% 108
\BOOKMARK [2][-]{subsection.G.2.3}{\376\377\000E\000f\000f\000e\000c\000t\000s\000\040\000o\000f\000\040\000t\000h\000e\000\040\000n\000o\000n\000-\000l\000o\000c\000a\000l\000\040\000C\000o\000o\000p\000e\000r\000\040\000t\000e\000r\000m\000s\000:\000\040\000g\000e\000n\000e\000r\000a\000l\000i\000s\000e\000d\000\040\000p\000a\000i\000r\000i\000n\000g}{section.G.2}% 109
\BOOKMARK [1][-]{section.G.3}{\376\377\000T\000h\000e\000\040\000H\000F\000\040\000h\000a\000m\000i\000l\000t\000o\000n\000i\000a\000n\000\040\000a\000n\000d\000\040\000i\000t\000s\000\040\000p\000r\000o\000p\000e\000r\000t\000i\000e\000s}{appendix.G}% 110
\BOOKMARK [2][-]{subsection.G.3.1}{\376\377\000G\000a\000p\000\040\000s\000y\000m\000m\000e\000t\000r\000i\000e\000s\000\040\000a\000n\000d\000\040\000a\000n\000i\000s\000o\000t\000r\000o\000p\000i\000c\000\040\000p\000a\000i\000r\000i\000n\000g}{section.G.3}% 111
\BOOKMARK [2][-]{subsection.G.3.2}{\376\377\000T\000h\000e\000\040\000e\000n\000t\000r\000o\000p\000y\000\040\000d\000e\000n\000s\000i\000t\000y\000\040\000o\000f\000\040\000t\000h\000e\000\040\000S\000C\000\040\000g\000r\000o\000u\000n\000d\000-\000s\000t\000a\000t\000e}{section.G.3}% 112
\BOOKMARK [2][-]{subsection.G.3.3}{\376\377\000T\000h\000e\000\040\000f\000r\000e\000e\000\040\000e\000n\000e\000r\000g\000y\000\040\000d\000e\000n\000s\000i\000t\000y\000\040\000o\000f\000\040\000t\000h\000e\000\040\000S\000C\000\040\000g\000r\000o\000u\000n\000d\000-\000s\000t\000a\000t\000e}{section.G.3}% 113
\BOOKMARK [2][-]{subsection.G.3.4}{\376\377\000T\000h\000e\000\040\000e\000n\000e\000r\000g\000e\000t\000i\000c\000\040\000c\000o\000n\000s\000t\000r\000a\000i\000n\000t\000\040\000o\000n\000\040\000t\000h\000e\000\040\000g\000a\000p\000\040\000h\000a\000r\000m\000o\000n\000i\000c\000s}{section.G.3}% 114
\BOOKMARK [0][-]{section*.163}{\376\377\000B\000i\000b\000l\000i\000o\000g\000r\000a\000p\000h\000y}{}% 115
